docker : time="2026-02-22T16:
03:15+05:30" level=warning ms
g="C:\\Users\\cogni\\mission-
placements\\web-portal\\docke
r-compose.yml: the attribute 
`version` is obsolete, it 
will be ignored, please 
remove it to avoid potential 
confusion"
At line:1 char:1
+ docker compose build 2>&1 
| Out-File -FilePath 
build-output.txt; Get- ...
+ ~~~~~~~~~~~~~~~~~~~~~~~~~
    + CategoryInfo           
   : NotSpecified: (time="2  
  026-02-2...tial confusio   
 n":String) [], RemoteExc    
eption
    + FullyQualifiedErrorId  
   : NativeCommandError
 
#1 [internal] load local bake definitions
#1 reading from stdin 544B done
#1 DONE 0.0s

#2 [internal] load build definition from Dockerfile
#2 transferring dockerfile: 2.03kB 0.0s done
#2 DONE 0.1s

#3 [internal] load metadata for docker.io/library/node:20-alpine
#3 DONE 0.5s

#4 [internal] load .dockerignore
#4 transferring context: 265B 0.0s done
#4 DONE 0.1s

#5 [deps 1/5] FROM docker.io/library/node:20-alpine@sha256:09e2b3d9726018aecf269bd35325f46bf75046a643a66d28360ec71132750ec8
#5 DONE 0.0s

#6 [internal] load build context
#6 transferring context: 7.26kB 0.1s done
#6 DONE 0.1s

#7 [deps 2/5] RUN apk add --no-cache libc6-compat
#7 CACHED

#8 [deps 3/5] WORKDIR /app
#8 CACHED

#9 [deps 4/5] COPY package.json ./
#9 CACHED

#10 [deps 5/5] RUN npm install --frozen-lockfile || npm install
#10 CACHED

#11 [builder 2/6] WORKDIR /app
#11 CACHED

#12 [builder 3/6] COPY --from=deps /app/node_modules ./node_modules
#12 CACHED

#13 [builder 4/6] COPY . .
#13 DONE 0.1s

#14 [builder 5/6] RUN npx prisma generate
#14 2.395 Prisma schema loaded from prisma/schema.prisma
#14 4.619 
#14 4.619 Γ£ö Generated Prisma Client (v6.4.1) to ./node_modules/@prisma/client in 273ms
#14 4.619 
#14 4.619 Start by importing your Prisma Client (See: https://pris.ly/d/importing-client)
#14 4.619 
#14 4.619 Tip: Curious about the SQL queries Prisma ORM generates? Optimize helps you enhance your visibility: https://pris.ly/tip-2-optimize
#14 4.619 
#14 4.821 npm notice
#14 4.821 npm notice New major version of npm available! 10.8.2 -> 11.10.1
#14 4.821 npm notice Changelog: https://github.com/npm/cli/releases/tag/v11.10.1
#14 4.821 npm notice To update run: npm install -g npm@11.10.1
#14 4.821 npm notice
#14 DONE 4.9s

#15 [builder 6/6] RUN npm run build
#15 0.852 
#15 0.852 > web-portal@0.1.0 build
#15 0.852 > next build
#15 0.852 
#15 2.336 Γû▓ Next.js 16.1.6 (Turbopack)
#15 2.338 
#15 2.343 ΓÜá The "middleware" file convention is deprecated. Please use "proxy" instead. Learn more: https://nextjs.org/docs/messages/middleware-to-proxy
#15 2.386   Creating an optimized production build ...
